2026-09-30 20:56:40,101 [Worker-2: Loading available Gradle versions] INFO  o.e.b.c.i.u.g.PublishedGradleVersions - Gradle version information cache is not available. Remote download required.
2026-09-30 20:58:17,406 [Worker-0: Launching mavenrun-5ec9e71a-7fdf-4464-9db1-c34dcbb6426b] INFO  o.eclipse.m2e.core.internal.Bundles - getClasspathEntries(Bundle=org.eclipse.m2e.maven.runtime_3.9.900.20240824-1409 [298])
2026-09-30 20:58:17,411 [Worker-0: Launching mavenrun-5ec9e71a-7fdf-4464-9db1-c34dcbb6426b] INFO  o.eclipse.m2e.core.internal.Bundles - 	Entry: C:\Users\hp\.p2\pool\plugins\org.eclipse.m2e.maven.runtime_3.9.900.20240824-1409
2026-09-30 20:58:17,412 [Worker-0: Launching mavenrun-5ec9e71a-7fdf-4464-9db1-c34dcbb6426b] INFO  o.eclipse.m2e.core.internal.Bundles - 	Entry: C:\Users\hp\.p2\pool\plugins\org.eclipse.m2e.maven.runtime_3.9.900.20240824-1409\jars\aopalliance-1.0.jar
2026-09-30 20:58:17,412 [Worker-0: Launching mavenrun-5ec9e71a-7fdf-4464-9db1-c34dcbb6426b] INFO  o.eclipse.m2e.core.internal.Bundles - 	Entry: C:\Users\hp\.p2\pool\plugins\org.eclipse.m2e.maven.runtime_3.9.900.20240824-1409\jars\guice-5.1.0.jar
2026-09-30 20:58:17,412 [Worker-0: Launching mavenrun-5ec9e71a-7fdf-4464-9db1-c34dcbb6426b] INFO  o.eclipse.m2e.core.internal.Bundles - 	Entry: C:\Users\hp\.p2\pool\plugins\org.eclipse.m2e.maven.runtime_3.9.900.20240824-1409\jars\httpclient-4.5.14.jar
2026-09-30 20:58:17,412 [Worker-0: Launching mavenrun-5ec9e71a-7fdf-4464-9db1-c34dcbb6426b] INFO  o.eclipse.m2e.core.internal.Bundles - 	Entry: C:\Users\hp\.p2\pool\plugins\org.eclipse.m2e.maven.runtime_3.9.900.20240824-1409\jars\httpcore-4.4.16.jar
2026-09-30 20:58:17,412 [Worker-0: Launching mavenrun-5ec9e71a-7fdf-4464-9db1-c34dcbb6426b] INFO  o.eclipse.m2e.core.internal.Bundles - 	Entry: C:\Users\hp\.p2\pool\plugins\org.eclipse.m2e.maven.runtime_3.9.900.20240824-1409\jars\jansi-2.4.1.jar
2026-09-30 20:58:17,413 [Worker-0: Launching mavenrun-5ec9e71a-7fdf-4464-9db1-c34dcbb6426b] INFO  o.eclipse.m2e.core.internal.Bundles - 	Entry: C:\Users\hp\.p2\pool\plugins\org.eclipse.m2e.maven.runtime_3.9.900.20240824-1409\jars\jcl-over-slf4j-1.7.36.jar
2026-09-30 20:58:17,413 [Worker-0: Launching mavenrun-5ec9e71a-7fdf-4464-9db1-c34dcbb6426b] INFO  o.eclipse.m2e.core.internal.Bundles - 	Entry: C:\Users\hp\.p2\pool\plugins\org.eclipse.m2e.maven.runtime_3.9.900.20240824-1409\jars\maven-artifact-3.9.9.jar
2026-09-30 20:58:17,413 [Worker-0: Launching mavenrun-5ec9e71a-7fdf-4464-9db1-c34dcbb6426b] INFO  o.eclipse.m2e.core.internal.Bundles - 	Entry: C:\Users\hp\.p2\pool\plugins\org.eclipse.m2e.maven.runtime_3.9.900.20240824-1409\jars\maven-builder-support-3.9.9.jar
2026-09-30 20:58:17,413 [Worker-0: Launching mavenrun-5ec9e71a-7fdf-4464-9db1-c34dcbb6426b] INFO  o.eclipse.m2e.core.internal.Bundles - 	Entry: C:\Users\hp\.p2\pool\plugins\org.eclipse.m2e.maven.runtime_3.9.900.20240824-1409\jars\maven-compat-3.9.9.jar
2026-09-30 20:58:17,413 [Worker-0: Launching mavenrun-5ec9e71a-7fdf-4464-9db1-c34dcbb6426b] INFO  o.eclipse.m2e.core.internal.Bundles - 	Entry: C:\Users\hp\.p2\pool\plugins\org.eclipse.m2e.maven.runtime_3.9.900.20240824-1409\jars\maven-core-3.9.9.jar
2026-09-30 20:58:17,414 [Worker-0: Launching mavenrun-5ec9e71a-7fdf-4464-9db1-c34dcbb6426b] INFO  o.eclipse.m2e.core.internal.Bundles - 	Entry: C:\Users\hp\.p2\pool\plugins\org.eclipse.m2e.maven.runtime_3.9.900.20240824-1409\jars\maven-embedder-3.9.9.jar
2026-09-30 20:58:17,414 [Worker-0: Launching mavenrun-5ec9e71a-7fdf-4464-9db1-c34dcbb6426b] INFO  o.eclipse.m2e.core.internal.Bundles - 	Entry: C:\Users\hp\.p2\pool\plugins\org.eclipse.m2e.maven.runtime_3.9.900.20240824-1409\jars\maven-model-3.9.9.jar
2026-09-30 20:58:17,414 [Worker-0: Launching mavenrun-5ec9e71a-7fdf-4464-9db1-c34dcbb6426b] INFO  o.eclipse.m2e.core.internal.Bundles - 	Entry: C:\Users\hp\.p2\pool\plugins\org.eclipse.m2e.maven.runtime_3.9.900.20240824-1409\jars\maven-model-builder-3.9.9.jar
2026-09-30 20:58:17,414 [Worker-0: Launching mavenrun-5ec9e71a-7fdf-4464-9db1-c34dcbb6426b] INFO  o.eclipse.m2e.core.internal.Bundles - 	Entry: C:\Users\hp\.p2\pool\plugins\org.eclipse.m2e.maven.runtime_3.9.900.20240824-1409\jars\maven-plugin-api-3.9.9.jar
2026-09-30 20:58:17,414 [Worker-0: Launching mavenrun-5ec9e71a-7fdf-4464-9db1-c34dcbb6426b] INFO  o.eclipse.m2e.core.internal.Bundles - 	Entry: C:\Users\hp\.p2\pool\plugins\org.eclipse.m2e.maven.runtime_3.9.900.20240824-1409\jars\maven-repository-metadata-3.9.9.jar
2026-09-30 20:58:17,416 [Worker-0: Launching mavenrun-5ec9e71a-7fdf-4464-9db1-c34dcbb6426b] INFO  o.eclipse.m2e.core.internal.Bundles - 	Entry: C:\Users\hp\.p2\pool\plugins\org.eclipse.m2e.maven.runtime_3.9.900.20240824-1409\jars\maven-resolver-api-1.9.22.jar
2026-09-30 20:58:17,418 [Worker-0: Launching mavenrun-5ec9e71a-7fdf-4464-9db1-c34dcbb6426b] INFO  o.eclipse.m2e.core.internal.Bundles - 	Entry: C:\Users\hp\.p2\pool\plugins\org.eclipse.m2e.maven.runtime_3.9.900.20240824-1409\jars\maven-resolver-connector-basic-1.9.22.jar
2026-09-30 20:58:17,418 [Worker-0: Launching mavenrun-5ec9e71a-7fdf-4464-9db1-c34dcbb6426b] INFO  o.eclipse.m2e.core.internal.Bundles - 	Entry: C:\Users\hp\.p2\pool\plugins\org.eclipse.m2e.maven.runtime_3.9.900.20240824-1409\jars\maven-resolver-impl-1.9.22.jar
2026-09-30 20:58:17,419 [Worker-0: Launching mavenrun-5ec9e71a-7fdf-4464-9db1-c34dcbb6426b] INFO  o.eclipse.m2e.core.internal.Bundles - 	Entry: C:\Users\hp\.p2\pool\plugins\org.eclipse.m2e.maven.runtime_3.9.900.20240824-1409\jars\maven-resolver-named-locks-1.9.22.jar
2026-09-30 20:58:17,419 [Worker-0: Launching mavenrun-5ec9e71a-7fdf-4464-9db1-c34dcbb6426b] INFO  o.eclipse.m2e.core.internal.Bundles - 	Entry: C:\Users\hp\.p2\pool\plugins\org.eclipse.m2e.maven.runtime_3.9.900.20240824-1409\jars\maven-resolver-provider-3.9.9.jar
2026-09-30 20:58:17,420 [Worker-0: Launching mavenrun-5ec9e71a-7fdf-4464-9db1-c34dcbb6426b] INFO  o.eclipse.m2e.core.internal.Bundles - 	Entry: C:\Users\hp\.p2\pool\plugins\org.eclipse.m2e.maven.runtime_3.9.900.20240824-1409\jars\maven-resolver-spi-1.9.22.jar
2026-09-30 20:58:17,420 [Worker-0: Launching mavenrun-5ec9e71a-7fdf-4464-9db1-c34dcbb6426b] INFO  o.eclipse.m2e.core.internal.Bundles - 	Entry: C:\Users\hp\.p2\pool\plugins\org.eclipse.m2e.maven.runtime_3.9.900.20240824-1409\jars\maven-resolver-transport-file-1.9.22.jar
2026-09-30 20:58:17,420 [Worker-0: Launching mavenrun-5ec9e71a-7fdf-4464-9db1-c34dcbb6426b] INFO  o.eclipse.m2e.core.internal.Bundles - 	Entry: C:\Users\hp\.p2\pool\plugins\org.eclipse.m2e.maven.runtime_3.9.900.20240824-1409\jars\maven-resolver-transport-http-1.9.22.jar
2026-09-30 20:58:17,420 [Worker-0: Launching mavenrun-5ec9e71a-7fdf-4464-9db1-c34dcbb6426b] INFO  o.eclipse.m2e.core.internal.Bundles - 	Entry: C:\Users\hp\.p2\pool\plugins\org.eclipse.m2e.maven.runtime_3.9.900.20240824-1409\jars\maven-resolver-transport-wagon-1.9.22.jar
2026-09-30 20:58:17,420 [Worker-0: Launching mavenrun-5ec9e71a-7fdf-4464-9db1-c34dcbb6426b] INFO  o.eclipse.m2e.core.internal.Bundles - 	Entry: C:\Users\hp\.p2\pool\plugins\org.eclipse.m2e.maven.runtime_3.9.900.20240824-1409\jars\maven-resolver-util-1.9.22.jar
2026-09-30 20:58:17,421 [Worker-0: Launching mavenrun-5ec9e71a-7fdf-4464-9db1-c34dcbb6426b] INFO  o.eclipse.m2e.core.internal.Bundles - 	Entry: C:\Users\hp\.p2\pool\plugins\org.eclipse.m2e.maven.runtime_3.9.900.20240824-1409\jars\maven-settings-3.9.9.jar
2026-09-30 20:58:17,421 [Worker-0: Launching mavenrun-5ec9e71a-7fdf-4464-9db1-c34dcbb6426b] INFO  o.eclipse.m2e.core.internal.Bundles - 	Entry: C:\Users\hp\.p2\pool\plugins\org.eclipse.m2e.maven.runtime_3.9.900.20240824-1409\jars\maven-settings-builder-3.9.9.jar
2026-09-30 20:58:17,421 [Worker-0: Launching mavenrun-5ec9e71a-7fdf-4464-9db1-c34dcbb6426b] INFO  o.eclipse.m2e.core.internal.Bundles - 	Entry: C:\Users\hp\.p2\pool\plugins\org.eclipse.m2e.maven.runtime_3.9.900.20240824-1409\jars\maven-shared-utils-3.4.2.jar
2026-09-30 20:58:17,421 [Worker-0: Launching mavenrun-5ec9e71a-7fdf-4464-9db1-c34dcbb6426b] INFO  o.eclipse.m2e.core.internal.Bundles - 	Entry: C:\Users\hp\.p2\pool\plugins\org.eclipse.m2e.maven.runtime_3.9.900.20240824-1409\jars\org.eclipse.sisu.inject-0.9.0.M3.jar
2026-09-30 20:58:17,422 [Worker-0: Launching mavenrun-5ec9e71a-7fdf-4464-9db1-c34dcbb6426b] INFO  o.eclipse.m2e.core.internal.Bundles - 	Entry: C:\Users\hp\.p2\pool\plugins\org.eclipse.m2e.maven.runtime_3.9.900.20240824-1409\jars\org.eclipse.sisu.plexus-0.9.0.M3.jar
2026-09-30 20:58:17,422 [Worker-0: Launching mavenrun-5ec9e71a-7fdf-4464-9db1-c34dcbb6426b] INFO  o.eclipse.m2e.core.internal.Bundles - 	Entry: C:\Users\hp\.p2\pool\plugins\org.eclipse.m2e.maven.runtime_3.9.900.20240824-1409\jars\plexus-build-api-0.0.7.jar
2026-09-30 20:58:17,422 [Worker-0: Launching mavenrun-5ec9e71a-7fdf-4464-9db1-c34dcbb6426b] INFO  o.eclipse.m2e.core.internal.Bundles - 	Entry: C:\Users\hp\.p2\pool\plugins\org.eclipse.m2e.maven.runtime_3.9.900.20240824-1409\jars\plexus-build-api-1.2.0.jar
2026-09-30 20:58:17,422 [Worker-0: Launching mavenrun-5ec9e71a-7fdf-4464-9db1-c34dcbb6426b] INFO  o.eclipse.m2e.core.internal.Bundles - 	Entry: C:\Users\hp\.p2\pool\plugins\org.eclipse.m2e.maven.runtime_3.9.900.20240824-1409\jars\plexus-cipher-2.0.jar
2026-09-30 20:58:17,423 [Worker-0: Launching mavenrun-5ec9e71a-7fdf-4464-9db1-c34dcbb6426b] INFO  o.eclipse.m2e.core.internal.Bundles - 	Entry: C:\Users\hp\.p2\pool\plugins\org.eclipse.m2e.maven.runtime_3.9.900.20240824-1409\jars\plexus-classworlds-2.8.0.jar
2026-09-30 20:58:17,423 [Worker-0: Launching mavenrun-5ec9e71a-7fdf-4464-9db1-c34dcbb6426b] INFO  o.eclipse.m2e.core.internal.Bundles - 	Entry: C:\Users\hp\.p2\pool\plugins\org.eclipse.m2e.maven.runtime_3.9.900.20240824-1409\jars\plexus-component-annotations-2.1.0.jar
2026-09-30 20:58:17,423 [Worker-0: Launching mavenrun-5ec9e71a-7fdf-4464-9db1-c34dcbb6426b] INFO  o.eclipse.m2e.core.internal.Bundles - 	Entry: C:\Users\hp\.p2\pool\plugins\org.eclipse.m2e.maven.runtime_3.9.900.20240824-1409\jars\plexus-interpolation-1.27.jar
2026-09-30 20:58:17,423 [Worker-0: Launching mavenrun-5ec9e71a-7fdf-4464-9db1-c34dcbb6426b] INFO  o.eclipse.m2e.core.internal.Bundles - 	Entry: C:\Users\hp\.p2\pool\plugins\org.eclipse.m2e.maven.runtime_3.9.900.20240824-1409\jars\plexus-sec-dispatcher-2.0.jar
2026-09-30 20:58:17,424 [Worker-0: Launching mavenrun-5ec9e71a-7fdf-4464-9db1-c34dcbb6426b] INFO  o.eclipse.m2e.core.internal.Bundles - 	Entry: C:\Users\hp\.p2\pool\plugins\org.eclipse.m2e.maven.runtime_3.9.900.20240824-1409\jars\plexus-utils-3.5.1.jar
2026-09-30 20:58:17,424 [Worker-0: Launching mavenrun-5ec9e71a-7fdf-4464-9db1-c34dcbb6426b] INFO  o.eclipse.m2e.core.internal.Bundles - 	Entry: C:\Users\hp\.p2\pool\plugins\org.eclipse.m2e.maven.runtime_3.9.900.20240824-1409\jars\plexus-xml-3.0.1.jar
2026-09-30 20:58:17,424 [Worker-0: Launching mavenrun-5ec9e71a-7fdf-4464-9db1-c34dcbb6426b] INFO  o.eclipse.m2e.core.internal.Bundles - 	Entry: C:\Users\hp\.p2\pool\plugins\org.eclipse.m2e.maven.runtime_3.9.900.20240824-1409\jars\wagon-file-3.5.3.jar
2026-09-30 20:58:17,424 [Worker-0: Launching mavenrun-5ec9e71a-7fdf-4464-9db1-c34dcbb6426b] INFO  o.eclipse.m2e.core.internal.Bundles - 	Entry: C:\Users\hp\.p2\pool\plugins\org.eclipse.m2e.maven.runtime_3.9.900.20240824-1409\jars\wagon-http-3.5.3.jar
2026-09-30 20:58:17,425 [Worker-0: Launching mavenrun-5ec9e71a-7fdf-4464-9db1-c34dcbb6426b] INFO  o.eclipse.m2e.core.internal.Bundles - 	Entry: C:\Users\hp\.p2\pool\plugins\org.eclipse.m2e.maven.runtime_3.9.900.20240824-1409\jars\wagon-http-shared-3.5.3.jar
2026-09-30 20:58:17,425 [Worker-0: Launching mavenrun-5ec9e71a-7fdf-4464-9db1-c34dcbb6426b] INFO  o.eclipse.m2e.core.internal.Bundles - 	Entry: C:\Users\hp\.p2\pool\plugins\org.eclipse.m2e.maven.runtime_3.9.900.20240824-1409\jars\wagon-provider-api-3.5.3.jar
2026-09-30 20:58:17,427 [Worker-0: Launching mavenrun-5ec9e71a-7fdf-4464-9db1-c34dcbb6426b] INFO  o.eclipse.m2e.core.internal.Bundles - getClasspathEntries(Bundle=com.google.guava_33.3.1.jre [10])
2026-09-30 20:58:17,428 [Worker-0: Launching mavenrun-5ec9e71a-7fdf-4464-9db1-c34dcbb6426b] INFO  o.eclipse.m2e.core.internal.Bundles - 	Entry: C:\Users\hp\.p2\pool\plugins\com.google.guava_33.3.1.jre.jar
2026-09-30 20:58:17,428 [Worker-0: Launching mavenrun-5ec9e71a-7fdf-4464-9db1-c34dcbb6426b] INFO  o.eclipse.m2e.core.internal.Bundles - getClasspathEntries(Bundle=slf4j.api_2.0.16 [522])
2026-09-30 20:58:17,429 [Worker-0: Launching mavenrun-5ec9e71a-7fdf-4464-9db1-c34dcbb6426b] INFO  o.eclipse.m2e.core.internal.Bundles - 	Entry: C:\Users\hp\.p2\pool\plugins\slf4j.api_2.0.16.jar
2026-09-30 20:58:17,429 [Worker-0: Launching mavenrun-5ec9e71a-7fdf-4464-9db1-c34dcbb6426b] INFO  o.eclipse.m2e.core.internal.Bundles - getClasspathEntries(Bundle=jakarta.inject.jakarta.inject-api_1.0.5 [22])
2026-09-30 20:58:17,430 [Worker-0: Launching mavenrun-5ec9e71a-7fdf-4464-9db1-c34dcbb6426b] INFO  o.eclipse.m2e.core.internal.Bundles - 	Entry: C:\Users\hp\.p2\pool\plugins\jakarta.inject.jakarta.inject-api_1.0.5.jar
2026-09-30 20:58:17,430 [Worker-0: Launching mavenrun-5ec9e71a-7fdf-4464-9db1-c34dcbb6426b] INFO  o.eclipse.m2e.core.internal.Bundles - getClasspathEntries(Bundle=jakarta.annotation-api_1.3.5 [20])
2026-09-30 20:58:17,431 [Worker-0: Launching mavenrun-5ec9e71a-7fdf-4464-9db1-c34dcbb6426b] INFO  o.eclipse.m2e.core.internal.Bundles - 	Entry: C:\Users\hp\.p2\pool\plugins\jakarta.annotation-api_1.3.5.jar
2026-09-30 20:58:17,431 [Worker-0: Launching mavenrun-5ec9e71a-7fdf-4464-9db1-c34dcbb6426b] INFO  o.eclipse.m2e.core.internal.Bundles - getClasspathEntries(Bundle=org.apache.commons.cli_1.9.0 [47])
2026-09-30 20:58:17,431 [Worker-0: Launching mavenrun-5ec9e71a-7fdf-4464-9db1-c34dcbb6426b] INFO  o.eclipse.m2e.core.internal.Bundles - 	Entry: C:\Users\hp\.p2\pool\plugins\org.apache.commons.cli_1.9.0.jar
2026-09-30 20:58:17,432 [Worker-0: Launching mavenrun-5ec9e71a-7fdf-4464-9db1-c34dcbb6426b] INFO  o.eclipse.m2e.core.internal.Bundles - getClasspathEntries(Bundle=org.apache.commons.commons-codec_1.16.0 [50])
2026-09-30 20:58:17,432 [Worker-0: Launching mavenrun-5ec9e71a-7fdf-4464-9db1-c34dcbb6426b] INFO  o.eclipse.m2e.core.internal.Bundles - 	Entry: C:\Users\hp\.p2\pool\plugins\org.apache.commons.commons-codec_1.16.0.jar
2026-09-30 20:58:17,432 [Worker-0: Launching mavenrun-5ec9e71a-7fdf-4464-9db1-c34dcbb6426b] INFO  o.eclipse.m2e.core.internal.Bundles - getClasspathEntries(Bundle=com.google.guava.failureaccess_1.0.2 [11])
2026-09-30 20:58:17,433 [Worker-0: Launching mavenrun-5ec9e71a-7fdf-4464-9db1-c34dcbb6426b] INFO  o.eclipse.m2e.core.internal.Bundles - 	Entry: C:\Users\hp\.p2\pool\plugins\com.google.guava.failureaccess_1.0.2.jar
2026-09-30 20:58:17,441 [Worker-0: Launching mavenrun-5ec9e71a-7fdf-4464-9db1-c34dcbb6426b] INFO  o.e.m.i.launch.MavenLaunchDelegate - Run build in "C:\Users\hp\AppData\Local\Temp\m2e-archetypeGenerator3442229884701785945":
2026-09-30 20:58:17,448 [Worker-0: Launching mavenrun-5ec9e71a-7fdf-4464-9db1-c34dcbb6426b] INFO  o.e.m.i.launch.MavenLaunchDelegate -  mvn  -DarchetypeGroupId=org.apache.maven.archetypes -DarchetypeArtifactId=maven-archetype-quickstart -DarchetypeVersion=1.1 -DgroupId=Core_JAVA -DartifactId=Basics_Revision -Dversion=0.0.1-SNAPSHOT -Dpackage=Core_JAVA.Basics_Revision -DoutputDirectory="C:\backend\core java revision" -Dstyle.color=always -U archetype:generate
2026-09-30 20:58:24,281 [Worker-6: Creating maven-archetype-quickstart] INFO  o.e.m.c.i.p.ProjectConfigurationManager - Collecting project info '/pom.xml' C:\backend\core java revision\Basics_Revision\pom.xml
2026-09-30 20:58:25,011 [Worker-6: Creating maven-archetype-quickstart] INFO  o.e.m.c.i.l.LifecycleMappingFactory - Using org.eclipse.m2e.jdt.JarLifecycleMapping lifecycle mapping for MavenProject: Core_JAVA:Basics_Revision:0.0.1-SNAPSHOT @ C:\backend\core java revision\Basics_Revision\pom.xml.
2026-09-30 20:58:25,720 [Worker-6: Creating maven-archetype-quickstart] INFO  o.e.m.j.i.AbstractJavaProjectConfigurator - Adding source folder /Basics_Revision/src/main/java
2026-09-30 20:58:25,722 [Worker-6: Creating maven-archetype-quickstart] INFO  o.e.m.j.i.AbstractJavaProjectConfigurator - Adding resource folder /Basics_Revision/src/main/resources
2026-09-30 20:58:25,727 [Worker-6: Creating maven-archetype-quickstart] INFO  o.e.m.j.i.AbstractJavaProjectConfigurator - Adding source folder /Basics_Revision/src/test/java
2026-09-30 20:58:25,728 [Worker-6: Creating maven-archetype-quickstart] INFO  o.e.m.j.i.AbstractJavaProjectConfigurator - Adding resource folder /Basics_Revision/src/test/resources
2026-09-30 20:58:25,866 [Worker-6: Creating maven-archetype-quickstart] INFO  o.e.m.c.i.p.ProjectConfigurationManager - Imported and configured 1 project(s) in 1 sec
2026-09-30 20:58:27,678 [Worker-4: Building] INFO  o.a.m.s.f.DefaultMavenResourcesFiltering - skip non existing resourceDirectory C:\backend\core java revision\Basics_Revision\src\main\resources
2026-09-30 20:58:27,687 [Worker-4: Building] INFO  o.a.m.s.f.DefaultMavenResourcesFiltering - skip non existing resourceDirectory C:\backend\core java revision\Basics_Revision\src\test\resources
2026-09-30 20:58:42,425 [Worker-6: Building] INFO  o.a.m.s.f.DefaultMavenResourcesFiltering - skip non existing resourceDirectory C:\backend\core java revision\Basics_Revision\src\main\resources
2026-09-30 20:58:42,430 [Worker-6: Building] INFO  o.a.m.s.f.DefaultMavenResourcesFiltering - skip non existing resourceDirectory C:\backend\core java revision\Basics_Revision\src\test\resources
2026-10-03 00:17:38,473 [Worker-6: Loading available Gradle versions] INFO  o.e.b.c.i.u.g.PublishedGradleVersions - Gradle version information cache is out-of-date. Trying to update.
2026-10-03 00:21:28,815 [Worker-14: Building] INFO  o.a.m.s.f.DefaultMavenResourcesFiltering - skip non existing resourceDirectory C:\backend\core java revision\Basics_Revision\src\main\resources
2026-10-03 00:21:28,830 [Worker-14: Building] INFO  o.a.m.s.f.DefaultMavenResourcesFiltering - skip non existing resourceDirectory C:\backend\core java revision\Basics_Revision\src\test\resources
2026-10-03 00:21:42,169 [Worker-13: Building] INFO  o.a.m.s.f.DefaultMavenResourcesFiltering - skip non existing resourceDirectory C:\backend\core java revision\Basics_Revision\src\main\resources
2026-10-03 00:21:42,178 [Worker-13: Building] INFO  o.a.m.s.f.DefaultMavenResourcesFiltering - skip non existing resourceDirectory C:\backend\core java revision\Basics_Revision\src\test\resources
2026-10-03 00:23:39,381 [Worker-14: Building] INFO  o.a.m.s.f.DefaultMavenResourcesFiltering - skip non existing resourceDirectory C:\backend\core java revision\Basics_Revision\src\main\resources
2026-10-03 00:23:39,385 [Worker-14: Building] INFO  o.a.m.s.f.DefaultMavenResourcesFiltering - skip non existing resourceDirectory C:\backend\core java revision\Basics_Revision\src\test\resources
2026-10-03 00:24:07,606 [Worker-14: Building] INFO  o.a.m.s.f.DefaultMavenResourcesFiltering - skip non existing resourceDirectory C:\backend\core java revision\Basics_Revision\src\main\resources
2026-10-03 00:24:07,617 [Worker-14: Building] INFO  o.a.m.s.f.DefaultMavenResourcesFiltering - skip non existing resourceDirectory C:\backend\core java revision\Basics_Revision\src\test\resources
2026-10-03 00:24:24,763 [Worker-21: Building] INFO  o.a.m.s.f.DefaultMavenResourcesFiltering - skip non existing resourceDirectory C:\backend\core java revision\Basics_Revision\src\main\resources
2026-10-03 00:24:24,767 [Worker-21: Building] INFO  o.a.m.s.f.DefaultMavenResourcesFiltering - skip non existing resourceDirectory C:\backend\core java revision\Basics_Revision\src\test\resources
2026-10-03 00:24:38,150 [Worker-14: Building] INFO  o.a.m.s.f.DefaultMavenResourcesFiltering - skip non existing resourceDirectory C:\backend\core java revision\Basics_Revision\src\main\resources
2026-10-03 00:24:38,157 [Worker-14: Building] INFO  o.a.m.s.f.DefaultMavenResourcesFiltering - skip non existing resourceDirectory C:\backend\core java revision\Basics_Revision\src\test\resources
2026-10-03 00:24:43,597 [Worker-13: Building] INFO  o.a.m.s.f.DefaultMavenResourcesFiltering - skip non existing resourceDirectory C:\backend\core java revision\Basics_Revision\src\main\resources
2026-10-03 00:24:43,607 [Worker-13: Building] INFO  o.a.m.s.f.DefaultMavenResourcesFiltering - skip non existing resourceDirectory C:\backend\core java revision\Basics_Revision\src\test\resources
2026-10-03 00:48:48,341 [Worker-26: Building] INFO  o.a.m.s.f.DefaultMavenResourcesFiltering - skip non existing resourceDirectory C:\backend\core java revision\Basics_Revision\src\main\resources
2026-10-03 00:48:48,354 [Worker-26: Building] INFO  o.a.m.s.f.DefaultMavenResourcesFiltering - skip non existing resourceDirectory C:\backend\core java revision\Basics_Revision\src\test\resources
2026-10-03 00:49:06,836 [Worker-23: Building] INFO  o.a.m.s.f.DefaultMavenResourcesFiltering - skip non existing resourceDirectory C:\backend\core java revision\Basics_Revision\src\main\resources
2026-10-03 00:49:06,845 [Worker-23: Building] INFO  o.a.m.s.f.DefaultMavenResourcesFiltering - skip non existing resourceDirectory C:\backend\core java revision\Basics_Revision\src\test\resources
2026-10-03 00:49:15,382 [Worker-26: Building] INFO  o.a.m.s.f.DefaultMavenResourcesFiltering - skip non existing resourceDirectory C:\backend\core java revision\Basics_Revision\src\main\resources
2026-10-03 00:49:15,386 [Worker-26: Building] INFO  o.a.m.s.f.DefaultMavenResourcesFiltering - skip non existing resourceDirectory C:\backend\core java revision\Basics_Revision\src\test\resources
2026-10-03 00:49:50,770 [Worker-23: Building] INFO  o.a.m.s.f.DefaultMavenResourcesFiltering - skip non existing resourceDirectory C:\backend\core java revision\Basics_Revision\src\main\resources
2026-10-03 00:49:50,777 [Worker-23: Building] INFO  o.a.m.s.f.DefaultMavenResourcesFiltering - skip non existing resourceDirectory C:\backend\core java revision\Basics_Revision\src\test\resources
2026-10-03 00:49:57,328 [Worker-23: Building] INFO  o.a.m.s.f.DefaultMavenResourcesFiltering - skip non existing resourceDirectory C:\backend\core java revision\Basics_Revision\src\main\resources
2026-10-03 00:49:57,335 [Worker-23: Building] INFO  o.a.m.s.f.DefaultMavenResourcesFiltering - skip non existing resourceDirectory C:\backend\core java revision\Basics_Revision\src\test\resources
2026-10-03 00:50:03,122 [Worker-28: Building] INFO  o.a.m.s.f.DefaultMavenResourcesFiltering - skip non existing resourceDirectory C:\backend\core java revision\Basics_Revision\src\main\resources
2026-10-03 00:50:03,126 [Worker-28: Building] INFO  o.a.m.s.f.DefaultMavenResourcesFiltering - skip non existing resourceDirectory C:\backend\core java revision\Basics_Revision\src\test\resources
2026-10-03 00:50:08,622 [Worker-23: Building] INFO  o.a.m.s.f.DefaultMavenResourcesFiltering - skip non existing resourceDirectory C:\backend\core java revision\Basics_Revision\src\main\resources
2026-10-03 00:50:08,627 [Worker-23: Building] INFO  o.a.m.s.f.DefaultMavenResourcesFiltering - skip non existing resourceDirectory C:\backend\core java revision\Basics_Revision\src\test\resources
2026-10-03 00:50:23,689 [Worker-29: Building] INFO  o.a.m.s.f.DefaultMavenResourcesFiltering - skip non existing resourceDirectory C:\backend\core java revision\Basics_Revision\src\main\resources
2026-10-03 00:50:23,694 [Worker-29: Building] INFO  o.a.m.s.f.DefaultMavenResourcesFiltering - skip non existing resourceDirectory C:\backend\core java revision\Basics_Revision\src\test\resources
2026-10-03 00:50:50,249 [Worker-23: Building] INFO  o.a.m.s.f.DefaultMavenResourcesFiltering - skip non existing resourceDirectory C:\backend\core java revision\Basics_Revision\src\main\resources
2026-10-03 00:50:50,255 [Worker-23: Building] INFO  o.a.m.s.f.DefaultMavenResourcesFiltering - skip non existing resourceDirectory C:\backend\core java revision\Basics_Revision\src\test\resources
2026-10-03 00:51:05,882 [Worker-27: Building] INFO  o.a.m.s.f.DefaultMavenResourcesFiltering - skip non existing resourceDirectory C:\backend\core java revision\Basics_Revision\src\main\resources
2026-10-03 00:51:05,887 [Worker-27: Building] INFO  o.a.m.s.f.DefaultMavenResourcesFiltering - skip non existing resourceDirectory C:\backend\core java revision\Basics_Revision\src\test\resources
2026-10-03 00:51:31,095 [Worker-26: Building] INFO  o.a.m.s.f.DefaultMavenResourcesFiltering - skip non existing resourceDirectory C:\backend\core java revision\Basics_Revision\src\main\resources
2026-10-03 00:51:31,100 [Worker-26: Building] INFO  o.a.m.s.f.DefaultMavenResourcesFiltering - skip non existing resourceDirectory C:\backend\core java revision\Basics_Revision\src\test\resources
2026-10-03 00:52:10,071 [Worker-26: Building] INFO  o.a.m.s.f.DefaultMavenResourcesFiltering - skip non existing resourceDirectory C:\backend\core java revision\Basics_Revision\src\main\resources
2026-10-03 00:52:10,075 [Worker-26: Building] INFO  o.a.m.s.f.DefaultMavenResourcesFiltering - skip non existing resourceDirectory C:\backend\core java revision\Basics_Revision\src\test\resources
2026-10-03 00:52:16,267 [Worker-26: Building] INFO  o.a.m.s.f.DefaultMavenResourcesFiltering - skip non existing resourceDirectory C:\backend\core java revision\Basics_Revision\src\main\resources
2026-10-03 00:52:16,275 [Worker-26: Building] INFO  o.a.m.s.f.DefaultMavenResourcesFiltering - skip non existing resourceDirectory C:\backend\core java revision\Basics_Revision\src\test\resources
2026-10-03 00:52:29,196 [Worker-26: Building] INFO  o.a.m.s.f.DefaultMavenResourcesFiltering - skip non existing resourceDirectory C:\backend\core java revision\Basics_Revision\src\main\resources
2026-10-03 00:52:29,203 [Worker-26: Building] INFO  o.a.m.s.f.DefaultMavenResourcesFiltering - skip non existing resourceDirectory C:\backend\core java revision\Basics_Revision\src\test\resources
2026-10-03 00:52:47,279 [Worker-23: Building] INFO  o.a.m.s.f.DefaultMavenResourcesFiltering - skip non existing resourceDirectory C:\backend\core java revision\Basics_Revision\src\main\resources
2026-10-03 00:52:47,284 [Worker-23: Building] INFO  o.a.m.s.f.DefaultMavenResourcesFiltering - skip non existing resourceDirectory C:\backend\core java revision\Basics_Revision\src\test\resources
2026-10-03 00:52:59,887 [Worker-27: Building] INFO  o.a.m.s.f.DefaultMavenResourcesFiltering - skip non existing resourceDirectory C:\backend\core java revision\Basics_Revision\src\main\resources
2026-10-03 00:52:59,892 [Worker-27: Building] INFO  o.a.m.s.f.DefaultMavenResourcesFiltering - skip non existing resourceDirectory C:\backend\core java revision\Basics_Revision\src\test\resources
2026-10-03 00:53:02,741 [Worker-27: Building] INFO  o.a.m.s.f.DefaultMavenResourcesFiltering - skip non existing resourceDirectory C:\backend\core java revision\Basics_Revision\src\main\resources
2026-10-03 00:53:02,746 [Worker-27: Building] INFO  o.a.m.s.f.DefaultMavenResourcesFiltering - skip non existing resourceDirectory C:\backend\core java revision\Basics_Revision\src\test\resources
2026-10-03 00:55:36,964 [Worker-23: Building] INFO  o.a.m.s.f.DefaultMavenResourcesFiltering - skip non existing resourceDirectory C:\backend\core java revision\Basics_Revision\src\main\resources
2026-10-03 00:55:36,977 [Worker-23: Building] INFO  o.a.m.s.f.DefaultMavenResourcesFiltering - skip non existing resourceDirectory C:\backend\core java revision\Basics_Revision\src\test\resources
2026-10-03 00:56:14,581 [Worker-27: Building] INFO  o.a.m.s.f.DefaultMavenResourcesFiltering - skip non existing resourceDirectory C:\backend\core java revision\Basics_Revision\src\main\resources
2026-10-03 00:56:14,592 [Worker-27: Building] INFO  o.a.m.s.f.DefaultMavenResourcesFiltering - skip non existing resourceDirectory C:\backend\core java revision\Basics_Revision\src\test\resources
2026-10-03 00:56:16,442 [Worker-26: Building] INFO  o.a.m.s.f.DefaultMavenResourcesFiltering - skip non existing resourceDirectory C:\backend\core java revision\Basics_Revision\src\main\resources
2026-10-03 00:56:16,454 [Worker-26: Building] INFO  o.a.m.s.f.DefaultMavenResourcesFiltering - skip non existing resourceDirectory C:\backend\core java revision\Basics_Revision\src\test\resources
2026-10-03 00:56:26,024 [Worker-28: Building] INFO  o.a.m.s.f.DefaultMavenResourcesFiltering - skip non existing resourceDirectory C:\backend\core java revision\Basics_Revision\src\main\resources
2026-10-03 00:56:26,028 [Worker-28: Building] INFO  o.a.m.s.f.DefaultMavenResourcesFiltering - skip non existing resourceDirectory C:\backend\core java revision\Basics_Revision\src\test\resources
2026-10-03 00:56:52,028 [Worker-27: Building] INFO  o.a.m.s.f.DefaultMavenResourcesFiltering - skip non existing resourceDirectory C:\backend\core java revision\Basics_Revision\src\main\resources
2026-10-03 00:56:52,035 [Worker-27: Building] INFO  o.a.m.s.f.DefaultMavenResourcesFiltering - skip non existing resourceDirectory C:\backend\core java revision\Basics_Revision\src\test\resources
2026-10-03 00:57:16,945 [Worker-26: Building] INFO  o.a.m.s.f.DefaultMavenResourcesFiltering - skip non existing resourceDirectory C:\backend\core java revision\Basics_Revision\src\main\resources
2026-10-03 00:57:16,952 [Worker-26: Building] INFO  o.a.m.s.f.DefaultMavenResourcesFiltering - skip non existing resourceDirectory C:\backend\core java revision\Basics_Revision\src\test\resources
